[INFO] Scanning for projects...
[INFO] 
[INFO] -----------------------< com.vulnbank:vulnbank >------------------------
[INFO] Building VulnBank 1.0.0
[INFO]   from pom.xml
[INFO] --------------------------------[ jar ]---------------------------------
[INFO] 
[INFO] --- dependency-check:13.0.0:check (default-cli) @ vulnbank ---
[INFO] Checking for updates
[INFO] NVD API has 385,855 records in this update
[INFO] Downloaded 10,000/385,855 (3%)
[INFO] Downloaded 20,000/385,855 (5%)
[INFO] Downloaded 30,000/385,855 (8%)
[INFO] Downloaded 40,000/385,855 (10%)
[INFO] Downloaded 50,000/385,855 (13%)
[INFO] Downloaded 60,000/385,855 (16%)
[INFO] Downloaded 70,000/385,855 (18%)
[INFO] Downloaded 80,000/385,855 (21%)
[INFO] Downloaded 90,000/385,855 (23%)
[INFO] Downloaded 100,000/385,855 (26%)
[INFO] Downloaded 110,000/385,855 (29%)
[INFO] Downloaded 120,000/385,855 (31%)
[INFO] Downloaded 130,000/385,855 (34%)
[INFO] Downloaded 140,000/385,855 (36%)
[INFO] Downloaded 150,000/385,855 (39%)
[INFO] Downloaded 160,000/385,855 (41%)
[INFO] Downloaded 170,000/385,855 (44%)
[INFO] Downloaded 180,000/385,855 (47%)
[INFO] Downloaded 190,000/385,855 (49%)
[INFO] Downloaded 200,000/385,855 (52%)
[INFO] Downloaded 210,000/385,855 (54%)
[WARNING] Retrying request /rest/json/cves/2.0?resultsPerPage=2000&startIndex=218000 : 2nd time
[WARNING] Retrying request /rest/json/cves/2.0?resultsPerPage=2000&startIndex=218000 : 3rd time
[WARNING] Retrying request /rest/json/cves/2.0?resultsPerPage=2000&startIndex=218000 : 4th time
[WARNING] Retrying request /rest/json/cves/2.0?resultsPerPage=2000&startIndex=218000 : 5th time
[WARNING] Retrying request /rest/json/cves/2.0?resultsPerPage=2000&startIndex=218000 : 6th time
[WARNING] Retrying request /rest/json/cves/2.0?resultsPerPage=2000&startIndex=218000 : 7th time
[WARNING] Retrying request /rest/json/cves/2.0?resultsPerPage=2000&startIndex=218000 : 8th time
[WARNING] Retrying request /rest/json/cves/2.0?resultsPerPage=2000&startIndex=218000 : 9th time
[WARNING] Retrying request /rest/json/cves/2.0?resultsPerPage=2000&startIndex=218000 : 10th time
[WARNING] Retrying request /rest/json/cves/2.0?resultsPerPage=2000&startIndex=218000 : 11th time
[WARNING] Retrying request /rest/json/cves/2.0?resultsPerPage=2000&startIndex=218000 : 12th time
[WARNING] Retrying request /rest/json/cves/2.0?resultsPerPage=2000&startIndex=218000 : 13th time
[WARNING] Retrying request /rest/json/cves/2.0?resultsPerPage=2000&startIndex=218000 : 14th time
[WARNING] NVD API request failures are occurring; retrying request for the 15th time
[WARNING] NVD API request failures are occurring; retrying request for the 16th time
[WARNING] NVD API request failures are occurring; retrying request for the 17th time
[WARNING] NVD API request failures are occurring; retrying request for the 18th time
[WARNING] NVD API request failures are occurring; retrying request for the 19th time
[WARNING] NVD API request failures are occurring; retrying request for the 20th time
[WARNING] NVD API request failures are occurring; retrying request for the 21st time
[WARNING] NVD API request failures are occurring; retrying request for the 22nd time
[WARNING] NVD API request failures are occurring; retrying request for the 23rd time
[WARNING] NVD API request failures are occurring; retrying request for the 24th time
[WARNING] NVD API request failures are occurring; retrying request for the 25th time
[WARNING] NVD API request failures are occurring; retrying request for the 26th time
[WARNING] NVD API request failures are occurring; retrying request for the 27th time
[WARNING] NVD API request failures are occurring; retrying request for the 28th time
[WARNING] NVD API request failures are occurring; retrying request for the 29th time
[WARNING] NVD API request failures are occurring; retrying request for the 30th time
[WARNING] NVD API request failures are occurring; retrying request for the 31st time
[WARNING] Retrying request /rest/json/cves/2.0?resultsPerPage=2000&startIndex=220000 : 2nd time
[WARNING] Retrying request /rest/json/cves/2.0?resultsPerPage=2000&startIndex=220000 : 3rd time
[WARNING] Retrying request /rest/json/cves/2.0?resultsPerPage=2000&startIndex=220000 : 4th time
[WARNING] Retrying request /rest/json/cves/2.0?resultsPerPage=2000&startIndex=220000 : 5th time
[WARNING] Retrying request /rest/json/cves/2.0?resultsPerPage=2000&startIndex=220000 : 6th time
[WARNING] Retrying request /rest/json/cves/2.0?resultsPerPage=2000&startIndex=220000 : 7th time
[WARNING] Retrying request /rest/json/cves/2.0?resultsPerPage=2000&startIndex=220000 : 8th time
[WARNING] Retrying request /rest/json/cves/2.0?resultsPerPage=2000&startIndex=220000 : 9th time
[WARNING] Retrying request /rest/json/cves/2.0?resultsPerPage=2000&startIndex=220000 : 10th time
[WARNING] Retrying request /rest/json/cves/2.0?resultsPerPage=2000&startIndex=220000 : 11th time
[WARNING] Retrying request /rest/json/cves/2.0?resultsPerPage=2000&startIndex=220000 : 12th time
[WARNING] Retrying request /rest/json/cves/2.0?resultsPerPage=2000&startIndex=220000 : 13th time
[WARNING] Retrying request /rest/json/cves/2.0?resultsPerPage=2000&startIndex=220000 : 14th time
[WARNING] NVD API request failures are occurring; retrying request for the 15th time
[WARNING] NVD API request failures are occurring; retrying request for the 16th time
[WARNING] NVD API request failures are occurring; retrying request for the 17th time
[WARNING] NVD API request failures are occurring; retrying request for the 18th time
[WARNING] NVD API request failures are occurring; retrying request for the 19th time
[WARNING] NVD API request failures are occurring; retrying request for the 20th time
[WARNING] NVD API request failures are occurring; retrying request for the 21st time
[WARNING] NVD API request failures are occurring; retrying request for the 22nd time
[WARNING] NVD API request failures are occurring; retrying request for the 23rd time
[WARNING] NVD API request failures are occurring; retrying request for the 24th time
[WARNING] NVD API request failures are occurring; retrying request for the 25th time
[WARNING] NVD API request failures are occurring; retrying request for the 26th time
[WARNING] NVD API request failures are occurring; retrying request for the 27th time
[WARNING] NVD API request failures are occurring; retrying request for the 28th time
[WARNING] NVD API request failures are occurring; retrying request for the 29th time
[WARNING] NVD API request failures are occurring; retrying request for the 30th time
[WARNING] NVD API request failures are occurring; retrying request for the 31st time
[WARNING] Retrying request /rest/json/cves/2.0?resultsPerPage=2000&startIndex=222000 : 2nd time
[WARNING] Retrying request /rest/json/cves/2.0?resultsPerPage=2000&startIndex=222000 : 3rd time
[WARNING] Retrying request /rest/json/cves/2.0?resultsPerPage=2000&startIndex=222000 : 4th time
[WARNING] Retrying request /rest/json/cves/2.0?resultsPerPage=2000&startIndex=222000 : 5th time
[WARNING] Retrying request /rest/json/cves/2.0?resultsPerPage=2000&startIndex=222000 : 6th time
[WARNING] Retrying request /rest/json/cves/2.0?resultsPerPage=2000&startIndex=222000 : 7th time
[WARNING] Retrying request /rest/json/cves/2.0?resultsPerPage=2000&startIndex=222000 : 8th time
[WARNING] Retrying request /rest/json/cves/2.0?resultsPerPage=2000&startIndex=222000 : 9th time
[WARNING] Retrying request /rest/json/cves/2.0?resultsPerPage=2000&startIndex=222000 : 10th time
[WARNING] Retrying request /rest/json/cves/2.0?resultsPerPage=2000&startIndex=222000 : 11th time
[WARNING] Retrying request /rest/json/cves/2.0?resultsPerPage=2000&startIndex=222000 : 12th time
[WARNING] Retrying request /rest/json/cves/2.0?resultsPerPage=2000&startIndex=222000 : 13th time
[WARNING] Retrying request /rest/json/cves/2.0?resultsPerPage=2000&startIndex=222000 : 14th time
[WARNING] NVD API request failures are occurring; retrying request for the 15th time
[WARNING] NVD API request failures are occurring; retrying request for the 16th time
[WARNING] NVD API request failures are occurring; retrying request for the 17th time
[WARNING] NVD API request failures are occurring; retrying request for the 18th time
[WARNING] NVD API request failures are occurring; retrying request for the 19th time
[WARNING] NVD API request failures are occurring; retrying request for the 20th time
[WARNING] NVD API request failures are occurring; retrying request for the 21st time
[WARNING] NVD API request failures are occurring; retrying request for the 22nd time
[WARNING] NVD API request failures are occurring; retrying request for the 23rd time
[WARNING] NVD API request failures are occurring; retrying request for the 24th time
[WARNING] NVD API request failures are occurring; retrying request for the 25th time
[WARNING] NVD API request failures are occurring; retrying request for the 26th time
[WARNING] NVD API request failures are occurring; retrying request for the 27th time
[WARNING] NVD API request failures are occurring; retrying request for the 28th time
[WARNING] NVD API request failures are occurring; retrying request for the 29th time
[WARNING] NVD API request failures are occurring; retrying request for the 30th time
[WARNING] NVD API request failures are occurring; retrying request for the 31st time
[WARNING] Retrying request /rest/json/cves/2.0?resultsPerPage=2000&startIndex=224000 : 2nd time
[WARNING] Retrying request /rest/json/cves/2.0?resultsPerPage=2000&startIndex=224000 : 3rd time
[WARNING] Retrying request /rest/json/cves/2.0?resultsPerPage=2000&startIndex=224000 : 4th time
[WARNING] Retrying request /rest/json/cves/2.0?resultsPerPage=2000&startIndex=224000 : 5th time
[WARNING] Retrying request /rest/json/cves/2.0?resultsPerPage=2000&startIndex=224000 : 6th time
[WARNING] Retrying request /rest/json/cves/2.0?resultsPerPage=2000&startIndex=224000 : 7th time
[WARNING] Retrying request /rest/json/cves/2.0?resultsPerPage=2000&startIndex=224000 : 8th time
[WARNING] Retrying request /rest/json/cves/2.0?resultsPerPage=2000&startIndex=224000 : 9th time
[WARNING] Retrying request /rest/json/cves/2.0?resultsPerPage=2000&startIndex=224000 : 10th time
[WARNING] Retrying request /rest/json/cves/2.0?resultsPerPage=2000&startIndex=224000 : 11th time
[WARNING] Retrying request /rest/json/cves/2.0?resultsPerPage=2000&startIndex=224000 : 12th time
[WARNING] Retrying request /rest/json/cves/2.0?resultsPerPage=2000&startIndex=224000 : 13th time
[WARNING] Retrying request /rest/json/cves/2.0?resultsPerPage=2000&startIndex=224000 : 14th time
[WARNING] NVD API request failures are occurring; retrying request for the 15th time
[WARNING] NVD API request failures are occurring; retrying request for the 16th time
[WARNING] NVD API request failures are occurring; retrying request for the 17th time
[WARNING] NVD API request failures are occurring; retrying request for the 18th time
[WARNING] NVD API request failures are occurring; retrying request for the 19th time
[WARNING] NVD API request failures are occurring; retrying request for the 20th time
[WARNING] NVD API request failures are occurring; retrying request for the 21st time
[WARNING] NVD API request failures are occurring; retrying request for the 22nd time
[WARNING] NVD API request failures are occurring; retrying request for the 23rd time
[WARNING] NVD API request failures are occurring; retrying request for the 24th time
[WARNING] NVD API request failures are occurring; retrying request for the 25th time
[WARNING] NVD API request failures are occurring; retrying request for the 26th time
[WARNING] NVD API request failures are occurring; retrying request for the 27th time
[WARNING] NVD API request failures are occurring; retrying request for the 28th time
[WARNING] NVD API request failures are occurring; retrying request for the 29th time
[WARNING] NVD API request failures are occurring; retrying request for the 30th time
[WARNING] NVD API request failures are occurring; retrying request for the 31st time
[WARNING] Retrying request /rest/json/cves/2.0?resultsPerPage=2000&startIndex=226000 : 2nd time
[WARNING] Retrying request /rest/json/cves/2.0?resultsPerPage=2000&startIndex=226000 : 3rd time
[WARNING] Retrying request /rest/json/cves/2.0?resultsPerPage=2000&startIndex=226000 : 4th time
[WARNING] Retrying request /rest/json/cves/2.0?resultsPerPage=2000&startIndex=226000 : 5th time
[WARNING] Retrying request /rest/json/cves/2.0?resultsPerPage=2000&startIndex=226000 : 6th time
[WARNING] Retrying request /rest/json/cves/2.0?resultsPerPage=2000&startIndex=226000 : 7th time
[WARNING] Retrying request /rest/json/cves/2.0?resultsPerPage=2000&startIndex=226000 : 8th time
[WARNING] Retrying request /rest/json/cves/2.0?resultsPerPage=2000&startIndex=226000 : 9th time
[WARNING] Retrying request /rest/json/cves/2.0?resultsPerPage=2000&startIndex=226000 : 10th time
[WARNING] Retrying request /rest/json/cves/2.0?resultsPerPage=2000&startIndex=226000 : 11th time
[WARNING] Retrying request /rest/json/cves/2.0?resultsPerPage=2000&startIndex=226000 : 12th time
[WARNING] Retrying request /rest/json/cves/2.0?resultsPerPage=2000&startIndex=226000 : 13th time
[WARNING] Retrying request /rest/json/cves/2.0?resultsPerPage=2000&startIndex=226000 : 14th time
[WARNING] NVD API request failures are occurring; retrying request for the 15th time
[WARNING] NVD API request failures are occurring; retrying request for the 16th time
[WARNING] NVD API request failures are occurring; retrying request for the 17th time
[WARNING] NVD API request failures are occurring; retrying request for the 18th time
[WARNING] NVD API request failures are occurring; retrying request for the 19th time
[WARNING] NVD API request failures are occurring; retrying request for the 20th time
[WARNING] NVD API request failures are occurring; retrying request for the 21st time
[WARNING] NVD API request failures are occurring; retrying request for the 22nd time
[WARNING] NVD API request failures are occurring; retrying request for the 23rd time
[WARNING] NVD API request failures are occurring; retrying request for the 24th time
[WARNING] NVD API request failures are occurring; retrying request for the 25th time
[WARNING] NVD API request failures are occurring; retrying request for the 26th time
[WARNING] NVD API request failures are occurring; retrying request for the 27th time
[WARNING] NVD API request failures are occurring; retrying request for the 28th time
[WARNING] NVD API request failures are occurring; retrying request for the 29th time
[WARNING] NVD API request failures are occurring; retrying request for the 30th time
[WARNING] NVD API request failures are occurring; retrying request for the 31st time
[WARNING] Retrying request /rest/json/cves/2.0?resultsPerPage=2000&startIndex=228000 : 2nd time
[WARNING] Retrying request /rest/json/cves/2.0?resultsPerPage=2000&startIndex=228000 : 3rd time
[WARNING] Retrying request /rest/json/cves/2.0?resultsPerPage=2000&startIndex=228000 : 4th time
[WARNING] Retrying request /rest/json/cves/2.0?resultsPerPage=2000&startIndex=228000 : 5th time
[WARNING] Retrying request /rest/json/cves/2.0?resultsPerPage=2000&startIndex=228000 : 6th time
[WARNING] Retrying request /rest/json/cves/2.0?resultsPerPage=2000&startIndex=228000 : 7th time
[WARNING] Retrying request /rest/json/cves/2.0?resultsPerPage=2000&startIndex=228000 : 8th time
[WARNING] Retrying request /rest/json/cves/2.0?resultsPerPage=2000&startIndex=228000 : 9th time
[WARNING] Retrying request /rest/json/cves/2.0?resultsPerPage=2000&startIndex=228000 : 10th time
[WARNING] Retrying request /rest/json/cves/2.0?resultsPerPage=2000&startIndex=228000 : 11th time
[WARNING] Retrying request /rest/json/cves/2.0?resultsPerPage=2000&startIndex=228000 : 12th time
[WARNING] Retrying request /rest/json/cves/2.0?resultsPerPage=2000&startIndex=228000 : 13th time
[WARNING] Retrying request /rest/json/cves/2.0?resultsPerPage=2000&startIndex=228000 : 14th time
[WARNING] NVD API request failures are occurring; retrying request for the 15th time
[WARNING] NVD API request failures are occurring; retrying request for the 16th time
[WARNING] NVD API request failures are occurring; retrying request for the 17th time
[WARNING] NVD API request failures are occurring; retrying request for the 18th time
[WARNING] NVD API request failures are occurring; retrying request for the 19th time
[WARNING] NVD API request failures are occurring; retrying request for the 20th time
[WARNING] NVD API request failures are occurring; retrying request for the 21st time
[WARNING] NVD API request failures are occurring; retrying request for the 22nd time
[WARNING] NVD API request failures are occurring; retrying request for the 23rd time
[WARNING] NVD API request failures are occurring; retrying request for the 24th time
[WARNING] NVD API request failures are occurring; retrying request for the 25th time
[WARNING] NVD API request failures are occurring; retrying request for the 26th time
[WARNING] NVD API request failures are occurring; retrying request for the 27th time
[WARNING] NVD API request failures are occurring; retrying request for the 28th time
[WARNING] NVD API request failures are occurring; retrying request for the 29th time
[WARNING] NVD API request failures are occurring; retrying request for the 30th time
[WARNING] NVD API request failures are occurring; retrying request for the 31st time
[WARNING] Retrying request /rest/json/cves/2.0?resultsPerPage=2000&startIndex=230000 : 2nd time
[WARNING] Retrying request /rest/json/cves/2.0?resultsPerPage=2000&startIndex=230000 : 3rd time
[WARNING] Retrying request /rest/json/cves/2.0?resultsPerPage=2000&startIndex=230000 : 4th time
[WARNING] Retrying request /rest/json/cves/2.0?resultsPerPage=2000&startIndex=230000 : 5th time
[WARNING] Retrying request /rest/json/cves/2.0?resultsPerPage=2000&startIndex=230000 : 6th time
[WARNING] Retrying request /rest/json/cves/2.0?resultsPerPage=2000&startIndex=230000 : 7th time
[WARNING] Retrying request /rest/json/cves/2.0?resultsPerPage=2000&startIndex=230000 : 8th time
[WARNING] Retrying request /rest/json/cves/2.0?resultsPerPage=2000&startIndex=230000 : 9th time
[WARNING] Retrying request /rest/json/cves/2.0?resultsPerPage=2000&startIndex=230000 : 10th time
[WARNING] Retrying request /rest/json/cves/2.0?resultsPerPage=2000&startIndex=230000 : 11th time
[WARNING] Retrying request /rest/json/cves/2.0?resultsPerPage=2000&startIndex=230000 : 12th time
[WARNING] Retrying request /rest/json/cves/2.0?resultsPerPage=2000&startIndex=230000 : 13th time
[WARNING] Retrying request /rest/json/cves/2.0?resultsPerPage=2000&startIndex=230000 : 14th time
[WARNING] NVD API request failures are occurring; retrying request for the 15th time
[WARNING] NVD API request failures are occurring; retrying request for the 16th time
[WARNING] NVD API request failures are occurring; retrying request for the 17th time
[WARNING] NVD API request failures are occurring; retrying request for the 18th time
[WARNING] NVD API request failures are occurring; retrying request for the 19th time
[WARNING] NVD API request failures are occurring; retrying request for the 20th time
[WARNING] NVD API request failures are occurring; retrying request for the 21st time
[WARNING] NVD API request failures are occurring; retrying request for the 22nd time
[WARNING] NVD API request failures are occurring; retrying request for the 23rd time
[WARNING] NVD API request failures are occurring; retrying request for the 24th time
[WARNING] NVD API request failures are occurring; retrying request for the 25th time
[WARNING] NVD API request failures are occurring; retrying request for the 26th time
[WARNING] NVD API request failures are occurring; retrying request for the 27th time
[WARNING] NVD API request failures are occurring; retrying request for the 28th time
[WARNING] NVD API request failures are occurring; retrying request for the 29th time
[WARNING] NVD API request failures are occurring; retrying request for the 30th time
[ERROR] Error updating the NVD Data
org.owasp.dependencycheck.data.update.exception.UpdateException: Error updating the NVD Data
    at org.owasp.dependencycheck.data.update.NvdApiDataSource.processApi (NvdApiDataSource.java:387)
    at org.owasp.dependencycheck.data.update.NvdApiDataSource.update (NvdApiDataSource.java:128)
    at org.owasp.dependencycheck.Engine.doUpdates (Engine.java:873)
    at org.owasp.dependencycheck.Engine.initializeAndUpdateDatabase (Engine.java:678)
    at org.owasp.dependencycheck.Engine.analyzeDependencies (Engine.java:605)
    at org.owasp.dependencycheck.maven.BaseDependencyCheckMojo.runCheck (BaseDependencyCheckMojo.java:2072)
    at org.owasp.dependencycheck.maven.BaseDependencyCheckMojo.execute (BaseDependencyCheckMojo.java:1272)
    at org.apache.maven.plugin.DefaultBuildPluginManager.executeMojo (DefaultBuildPluginManager.java:126)
    at org.apache.maven.lifecycle.internal.MojoExecutor.doExecute2 (MojoExecutor.java:328)
    at org.apache.maven.lifecycle.internal.MojoExecutor.doExecute (MojoExecutor.java:316)
    at org.apache.maven.lifecycle.internal.MojoExecutor.execute (MojoExecutor.java:212)
    at org.apache.maven.lifecycle.internal.MojoExecutor.execute (MojoExecutor.java:174)
    at org.apache.maven.lifecycle.internal.MojoExecutor.access$000 (MojoExecutor.java:75)
    at org.apache.maven.lifecycle.internal.MojoExecutor$1.run (MojoExecutor.java:162)
    at org.apache.maven.plugin.DefaultMojosExecutionStrategy.execute (DefaultMojosExecutionStrategy.java:39)
    at org.apache.maven.lifecycle.internal.MojoExecutor.execute (MojoExecutor.java:159)
    at org.apache.maven.lifecycle.internal.LifecycleModuleBuilder.buildProject (LifecycleModuleBuilder.java:105)
    at org.apache.maven.lifecycle.internal.LifecycleModuleBuilder.buildProject (LifecycleModuleBuilder.java:73)
    at org.apache.maven.lifecycle.internal.builder.singlethreaded.SingleThreadedBuilder.build (SingleThreadedBuilder.java:53)
    at org.apache.maven.lifecycle.internal.LifecycleStarter.execute (LifecycleStarter.java:118)
    at org.apache.maven.DefaultMaven.doExecute (DefaultMaven.java:261)
    at org.apache.maven.DefaultMaven.doExecute (DefaultMaven.java:173)
    at org.apache.maven.DefaultMaven.execute (DefaultMaven.java:101)
    at org.apache.maven.cli.MavenCli.execute (MavenCli.java:906)
    at org.apache.maven.cli.MavenCli.doMain (MavenCli.java:283)
    at org.apache.maven.cli.MavenCli.main (MavenCli.java:206)
    at jdk.internal.reflect.DirectMethodHandleAccessor.invoke (DirectMethodHandleAccessor.java:103)
    at java.lang.reflect.Method.invoke (Method.java:580)
    at org.codehaus.plexus.classworlds.launcher.Launcher.launchEnhanced (Launcher.java:283)
    at org.codehaus.plexus.classworlds.launcher.Launcher.launch (Launcher.java:226)
    at org.codehaus.plexus.classworlds.launcher.Launcher.mainWithExitCode (Launcher.java:407)
    at org.codehaus.plexus.classworlds.launcher.Launcher.main (Launcher.java:348)
Caused by: io.github.jeremylong.openvulnerability.client.nvd.NvdApiRetryExceededException: NVD Update Failed: attempted to retrieve data from the NVD unsuccessfully five times.
    at io.github.jeremylong.openvulnerability.client.nvd.NvdCveClient._next (NvdCveClient.java:361)
    at io.github.jeremylong.openvulnerability.client.nvd.NvdCveClient._next (NvdCveClient.java:456)
    at io.github.jeremylong.openvulnerability.client.nvd.NvdCveClient._next (NvdCveClient.java:456)
    at io.github.jeremylong.openvulnerability.client.nvd.NvdCveClient._next (NvdCveClient.java:456)
    at io.github.jeremylong.openvulnerability.client.nvd.NvdCveClient._next (NvdCveClient.java:456)
    at io.github.jeremylong.openvulnerability.client.nvd.NvdCveClient._next (NvdCveClient.java:456)
    at io.github.jeremylong.openvulnerability.client.nvd.NvdCveClient._next (NvdCveClient.java:456)
    at io.github.jeremylong.openvulnerability.client.nvd.NvdCveClient.next (NvdCveClient.java:356)
    at org.owasp.dependencycheck.data.update.NvdApiDataSource.processApi (NvdApiDataSource.java:343)
    at org.owasp.dependencycheck.data.update.NvdApiDataSource.update (NvdApiDataSource.java:128)
    at org.owasp.dependencycheck.Engine.doUpdates (Engine.java:873)
    at org.owasp.dependencycheck.Engine.initializeAndUpdateDatabase (Engine.java:678)
    at org.owasp.dependencycheck.Engine.analyzeDependencies (Engine.java:605)
    at org.owasp.dependencycheck.maven.BaseDependencyCheckMojo.runCheck (BaseDependencyCheckMojo.java:2072)
    at org.owasp.dependencycheck.maven.BaseDependencyCheckMojo.execute (BaseDependencyCheckMojo.java:1272)
    at org.apache.maven.plugin.DefaultBuildPluginManager.executeMojo (DefaultBuildPluginManager.java:126)
    at org.apache.maven.lifecycle.internal.MojoExecutor.doExecute2 (MojoExecutor.java:328)
    at org.apache.maven.lifecycle.internal.MojoExecutor.doExecute (MojoExecutor.java:316)
    at org.apache.maven.lifecycle.internal.MojoExecutor.execute (MojoExecutor.java:212)
    at org.apache.maven.lifecycle.internal.MojoExecutor.execute (MojoExecutor.java:174)
    at org.apache.maven.lifecycle.internal.MojoExecutor.access$000 (MojoExecutor.java:75)
    at org.apache.maven.lifecycle.internal.MojoExecutor$1.run (MojoExecutor.java:162)
    at org.apache.maven.plugin.DefaultMojosExecutionStrategy.execute (DefaultMojosExecutionStrategy.java:39)
    at org.apache.maven.lifecycle.internal.MojoExecutor.execute (MojoExecutor.java:159)
    at org.apache.maven.lifecycle.internal.LifecycleModuleBuilder.buildProject (LifecycleModuleBuilder.java:105)
    at org.apache.maven.lifecycle.internal.LifecycleModuleBuilder.buildProject (LifecycleModuleBuilder.java:73)
    at org.apache.maven.lifecycle.internal.builder.singlethreaded.SingleThreadedBuilder.build (SingleThreadedBuilder.java:53)
    at org.apache.maven.lifecycle.internal.LifecycleStarter.execute (LifecycleStarter.java:118)
    at org.apache.maven.DefaultMaven.doExecute (DefaultMaven.java:261)
    at org.apache.maven.DefaultMaven.doExecute (DefaultMaven.java:173)
    at org.apache.maven.DefaultMaven.execute (DefaultMaven.java:101)
    at org.apache.maven.cli.MavenCli.execute (MavenCli.java:906)
    at org.apache.maven.cli.MavenCli.doMain (MavenCli.java:283)
    at org.apache.maven.cli.MavenCli.main (MavenCli.java:206)
    at jdk.internal.reflect.DirectMethodHandleAccessor.invoke (DirectMethodHandleAccessor.java:103)
    at java.lang.reflect.Method.invoke (Method.java:580)
    at org.codehaus.plexus.classworlds.launcher.Launcher.launchEnhanced (Launcher.java:283)
    at org.codehaus.plexus.classworlds.launcher.Launcher.launch (Launcher.java:226)
    at org.codehaus.plexus.classworlds.launcher.Launcher.mainWithExitCode (Launcher.java:407)
    at org.codehaus.plexus.classworlds.launcher.Launcher.main (Launcher.java:348)
[ERROR] Failed to initialize the RetireJS repo
org.owasp.dependencycheck.data.update.exception.UpdateException: Failed to initialize the RetireJS repo
    at org.owasp.dependencycheck.data.update.RetireJSDataSource.initializeRetireJsRepo (RetireJSDataSource.java:138)
    at org.owasp.dependencycheck.data.update.RetireJSDataSource.update (RetireJSDataSource.java:82)
    at org.owasp.dependencycheck.Engine.doUpdates (Engine.java:873)
    at org.owasp.dependencycheck.Engine.initializeAndUpdateDatabase (Engine.java:678)
    at org.owasp.dependencycheck.Engine.analyzeDependencies (Engine.java:605)
    at org.owasp.dependencycheck.maven.BaseDependencyCheckMojo.runCheck (BaseDependencyCheckMojo.java:2072)
    at org.owasp.dependencycheck.maven.BaseDependencyCheckMojo.execute (BaseDependencyCheckMojo.java:1272)
    at org.apache.maven.plugin.DefaultBuildPluginManager.executeMojo (DefaultBuildPluginManager.java:126)
    at org.apache.maven.lifecycle.internal.MojoExecutor.doExecute2 (MojoExecutor.java:328)
    at org.apache.maven.lifecycle.internal.MojoExecutor.doExecute (MojoExecutor.java:316)
    at org.apache.maven.lifecycle.internal.MojoExecutor.execute (MojoExecutor.java:212)
    at org.apache.maven.lifecycle.internal.MojoExecutor.execute (MojoExecutor.java:174)
    at org.apache.maven.lifecycle.internal.MojoExecutor.access$000 (MojoExecutor.java:75)
    at org.apache.maven.lifecycle.internal.MojoExecutor$1.run (MojoExecutor.java:162)
    at org.apache.maven.plugin.DefaultMojosExecutionStrategy.execute (DefaultMojosExecutionStrategy.java:39)
    at org.apache.maven.lifecycle.internal.MojoExecutor.execute (MojoExecutor.java:159)
    at org.apache.maven.lifecycle.internal.LifecycleModuleBuilder.buildProject (LifecycleModuleBuilder.java:105)
    at org.apache.maven.lifecycle.internal.LifecycleModuleBuilder.buildProject (LifecycleModuleBuilder.java:73)
    at org.apache.maven.lifecycle.internal.builder.singlethreaded.SingleThreadedBuilder.build (SingleThreadedBuilder.java:53)
    at org.apache.maven.lifecycle.internal.LifecycleStarter.execute (LifecycleStarter.java:118)
    at org.apache.maven.DefaultMaven.doExecute (DefaultMaven.java:261)
    at org.apache.maven.DefaultMaven.doExecute (DefaultMaven.java:173)
    at org.apache.maven.DefaultMaven.execute (DefaultMaven.java:101)
    at org.apache.maven.cli.MavenCli.execute (MavenCli.java:906)
    at org.apache.maven.cli.MavenCli.doMain (MavenCli.java:283)
    at org.apache.maven.cli.MavenCli.main (MavenCli.java:206)
    at jdk.internal.reflect.DirectMethodHandleAccessor.invoke (DirectMethodHandleAccessor.java:103)
    at java.lang.reflect.Method.invoke (Method.java:580)
    at org.codehaus.plexus.classworlds.launcher.Launcher.launchEnhanced (Launcher.java:283)
    at org.codehaus.plexus.classworlds.launcher.Launcher.launch (Launcher.java:226)
    at org.codehaus.plexus.classworlds.launcher.Launcher.mainWithExitCode (Launcher.java:407)
    at org.codehaus.plexus.classworlds.launcher.Launcher.main (Launcher.java:348)
Caused by: org.owasp.dependencycheck.utils.DownloadFailedException: Download failed, unable to copy 'https://raw.githubusercontent.com/Retirejs/retire.js/master/repository/jsrepository.json' to 'C:\Users\gmoun\.m2\repository\org\owasp\dependency-check-utils\13.0.0\..\..\dependency-check-data\11.0\jsrepository.json'; No such host is known (raw.githubusercontent.com)
    at org.owasp.dependencycheck.utils.Downloader.fetchFile (Downloader.java:425)
    at org.owasp.dependencycheck.utils.Downloader.fetchFile (Downloader.java:384)
    at org.owasp.dependencycheck.data.update.RetireJSDataSource.initializeRetireJsRepo (RetireJSDataSource.java:136)
    at org.owasp.dependencycheck.data.update.RetireJSDataSource.update (RetireJSDataSource.java:82)
    at org.owasp.dependencycheck.Engine.doUpdates (Engine.java:873)
    at org.owasp.dependencycheck.Engine.initializeAndUpdateDatabase (Engine.java:678)
    at org.owasp.dependencycheck.Engine.analyzeDependencies (Engine.java:605)
    at org.owasp.dependencycheck.maven.BaseDependencyCheckMojo.runCheck (BaseDependencyCheckMojo.java:2072)
    at org.owasp.dependencycheck.maven.BaseDependencyCheckMojo.execute (BaseDependencyCheckMojo.java:1272)
    at org.apache.maven.plugin.DefaultBuildPluginManager.executeMojo (DefaultBuildPluginManager.java:126)
    at org.apache.maven.lifecycle.internal.MojoExecutor.doExecute2 (MojoExecutor.java:328)
    at org.apache.maven.lifecycle.internal.MojoExecutor.doExecute (MojoExecutor.java:316)
    at org.apache.maven.lifecycle.internal.MojoExecutor.execute (MojoExecutor.java:212)
    at org.apache.maven.lifecycle.internal.MojoExecutor.execute (MojoExecutor.java:174)
    at org.apache.maven.lifecycle.internal.MojoExecutor.access$000 (MojoExecutor.java:75)
    at org.apache.maven.lifecycle.internal.MojoExecutor$1.run (MojoExecutor.java:162)
    at org.apache.maven.plugin.DefaultMojosExecutionStrategy.execute (DefaultMojosExecutionStrategy.java:39)
    at org.apache.maven.lifecycle.internal.MojoExecutor.execute (MojoExecutor.java:159)
    at org.apache.maven.lifecycle.internal.LifecycleModuleBuilder.buildProject (LifecycleModuleBuilder.java:105)
    at org.apache.maven.lifecycle.internal.LifecycleModuleBuilder.buildProject (LifecycleModuleBuilder.java:73)
    at org.apache.maven.lifecycle.internal.builder.singlethreaded.SingleThreadedBuilder.build (SingleThreadedBuilder.java:53)
    at org.apache.maven.lifecycle.internal.LifecycleStarter.execute (LifecycleStarter.java:118)
    at org.apache.maven.DefaultMaven.doExecute (DefaultMaven.java:261)
    at org.apache.maven.DefaultMaven.doExecute (DefaultMaven.java:173)
    at org.apache.maven.DefaultMaven.execute (DefaultMaven.java:101)
    at org.apache.maven.cli.MavenCli.execute (MavenCli.java:906)
    at org.apache.maven.cli.MavenCli.doMain (MavenCli.java:283)
    at org.apache.maven.cli.MavenCli.main (MavenCli.java:206)
    at jdk.internal.reflect.DirectMethodHandleAccessor.invoke (DirectMethodHandleAccessor.java:103)
    at java.lang.reflect.Method.invoke (Method.java:580)
    at org.codehaus.plexus.classworlds.launcher.Launcher.launchEnhanced (Launcher.java:283)
    at org.codehaus.plexus.classworlds.launcher.Launcher.launch (Launcher.java:226)
    at org.codehaus.plexus.classworlds.launcher.Launcher.mainWithExitCode (Launcher.java:407)
    at org.codehaus.plexus.classworlds.launcher.Launcher.main (Launcher.java:348)
Caused by: java.net.UnknownHostException: No such host is known (raw.githubusercontent.com)
    at java.net.Inet6AddressImpl.lookupAllHostAddr (Native Method)
    at java.net.Inet6AddressImpl.lookupAllHostAddr (Inet6AddressImpl.java:52)
    at java.net.InetAddress$PlatformResolver.lookupByName (InetAddress.java:1211)
    at java.net.InetAddress.getAddressesFromNameService (InetAddress.java:1828)
    at java.net.InetAddress$NameServiceAddresses.get (InetAddress.java:1139)
    at java.net.InetAddress.getAllByName0 (InetAddress.java:1818)
    at java.net.InetAddress.getAllByName (InetAddress.java:1688)
    at org.apache.hc.client5.http.SystemDefaultDnsResolver.resolve (SystemDefaultDnsResolver.java:61)
    at org.apache.hc.client5.http.DnsResolver.resolve (DnsResolver.java:77)
    at org.apache.hc.client5.http.impl.io.DefaultHttpClientConnectionOperator.connect (DefaultHttpClientConnectionOperator.java:202)
    at org.apache.hc.client5.http.impl.io.PoolingHttpClientConnectionManager.connect (PoolingHttpClientConnectionManager.java:547)
    at org.apache.hc.client5.http.impl.classic.InternalExecRuntime.connectEndpoint (InternalExecRuntime.java:164)
    at org.apache.hc.client5.http.impl.classic.InternalExecRuntime.connectEndpoint (InternalExecRuntime.java:174)
    at org.apache.hc.client5.http.impl.classic.ConnectExec.execute (ConnectExec.java:144)
    at org.apache.hc.client5.http.impl.classic.ExecChainElement.execute (ExecChainElement.java:51)
    at org.apache.hc.client5.http.impl.classic.ProtocolExec.execute (ProtocolExec.java:192)
    at org.apache.hc.client5.http.impl.classic.ExecChainElement.execute (ExecChainElement.java:51)
    at org.apache.hc.client5.http.impl.classic.ContentCompressionExec.execute (ContentCompressionExec.java:138)
    at org.apache.hc.client5.http.impl.classic.ExecChainElement.execute (ExecChainElement.java:51)
    at org.apache.hc.client5.http.impl.classic.HttpRequestRetryExec.execute (HttpRequestRetryExec.java:112)
    at org.apache.hc.client5.http.impl.classic.ExecChainElement.execute (ExecChainElement.java:51)
    at org.apache.hc.client5.http.impl.classic.RedirectExec.execute (RedirectExec.java:110)
    at org.apache.hc.client5.http.impl.classic.ExecChainElement.execute (ExecChainElement.java:51)
    at org.apache.hc.client5.http.impl.classic.InternalHttpClient.doExecute (InternalHttpClient.java:186)
    at org.apache.hc.client5.http.impl.classic.CloseableHttpClient.execute (CloseableHttpClient.java:245)
    at org.apache.hc.client5.http.impl.classic.CloseableHttpClient.execute (CloseableHttpClient.java:188)
    at org.owasp.dependencycheck.utils.Downloader.fetchFile (Downloader.java:410)
    at org.owasp.dependencycheck.utils.Downloader.fetchFile (Downloader.java:384)
    at org.owasp.dependencycheck.data.update.RetireJSDataSource.initializeRetireJsRepo (RetireJSDataSource.java:136)
    at org.owasp.dependencycheck.data.update.RetireJSDataSource.update (RetireJSDataSource.java:82)
    at org.owasp.dependencycheck.Engine.doUpdates (Engine.java:873)
    at org.owasp.dependencycheck.Engine.initializeAndUpdateDatabase (Engine.java:678)
    at org.owasp.dependencycheck.Engine.analyzeDependencies (Engine.java:605)
    at org.owasp.dependencycheck.maven.BaseDependencyCheckMojo.runCheck (BaseDependencyCheckMojo.java:2072)
    at org.owasp.dependencycheck.maven.BaseDependencyCheckMojo.execute (BaseDependencyCheckMojo.java:1272)
    at org.apache.maven.plugin.DefaultBuildPluginManager.executeMojo (DefaultBuildPluginManager.java:126)
    at org.apache.maven.lifecycle.internal.MojoExecutor.doExecute2 (MojoExecutor.java:328)
    at org.apache.maven.lifecycle.internal.MojoExecutor.doExecute (MojoExecutor.java:316)
    at org.apache.maven.lifecycle.internal.MojoExecutor.execute (MojoExecutor.java:212)
    at org.apache.maven.lifecycle.internal.MojoExecutor.execute (MojoExecutor.java:174)
    at org.apache.maven.lifecycle.internal.MojoExecutor.access$000 (MojoExecutor.java:75)
    at org.apache.maven.lifecycle.internal.MojoExecutor$1.run (MojoExecutor.java:162)
    at org.apache.maven.plugin.DefaultMojosExecutionStrategy.execute (DefaultMojosExecutionStrategy.java:39)
    at org.apache.maven.lifecycle.internal.MojoExecutor.execute (MojoExecutor.java:159)
    at org.apache.maven.lifecycle.internal.LifecycleModuleBuilder.buildProject (LifecycleModuleBuilder.java:105)
    at org.apache.maven.lifecycle.internal.LifecycleModuleBuilder.buildProject (LifecycleModuleBuilder.java:73)
    at org.apache.maven.lifecycle.internal.builder.singlethreaded.SingleThreadedBuilder.build (SingleThreadedBuilder.java:53)
    at org.apache.maven.lifecycle.internal.LifecycleStarter.execute (LifecycleStarter.java:118)
    at org.apache.maven.DefaultMaven.doExecute (DefaultMaven.java:261)
    at org.apache.maven.DefaultMaven.doExecute (DefaultMaven.java:173)
    at org.apache.maven.DefaultMaven.execute (DefaultMaven.java:101)
    at org.apache.maven.cli.MavenCli.execute (MavenCli.java:906)
    at org.apache.maven.cli.MavenCli.doMain (MavenCli.java:283)
    at org.apache.maven.cli.MavenCli.main (MavenCli.java:206)
    at jdk.internal.reflect.DirectMethodHandleAccessor.invoke (DirectMethodHandleAccessor.java:103)
    at java.lang.reflect.Method.invoke (Method.java:580)
    at org.codehaus.plexus.classworlds.launcher.Launcher.launchEnhanced (Launcher.java:283)
    at org.codehaus.plexus.classworlds.launcher.Launcher.launch (Launcher.java:226)
    at org.codehaus.plexus.classworlds.launcher.Launcher.mainWithExitCode (Launcher.java:407)
    at org.codehaus.plexus.classworlds.launcher.Launcher.main (Launcher.java:348)
[WARNING] Failed to update hosted suppressions file from remote source, results may contain false positives already resolved by the DependencyCheck project
org.owasp.dependencycheck.data.update.exception.UpdateException: Failed to update the hosted suppressions file
    at org.owasp.dependencycheck.data.update.HostedSuppressionsDataSource.fetchHostedSuppressions (HostedSuppressionsDataSource.java:152)
    at org.owasp.dependencycheck.data.update.HostedSuppressionsDataSource.updateUnhandled (HostedSuppressionsDataSource.java:96)
    at org.owasp.dependencycheck.data.update.HostedSuppressionsDataSource.update (HostedSuppressionsDataSource.java:67)
    at org.owasp.dependencycheck.Engine.doUpdates (Engine.java:873)
    at org.owasp.dependencycheck.Engine.initializeAndUpdateDatabase (Engine.java:678)
    at org.owasp.dependencycheck.Engine.analyzeDependencies (Engine.java:605)
    at org.owasp.dependencycheck.maven.BaseDependencyCheckMojo.runCheck (BaseDependencyCheckMojo.java:2072)
    at org.owasp.dependencycheck.maven.BaseDependencyCheckMojo.execute (BaseDependencyCheckMojo.java:1272)
    at org.apache.maven.plugin.DefaultBuildPluginManager.executeMojo (DefaultBuildPluginManager.java:126)
    at org.apache.maven.lifecycle.internal.MojoExecutor.doExecute2 (MojoExecutor.java:328)
    at org.apache.maven.lifecycle.internal.MojoExecutor.doExecute (MojoExecutor.java:316)
    at org.apache.maven.lifecycle.internal.MojoExecutor.execute (MojoExecutor.java:212)
    at org.apache.maven.lifecycle.internal.MojoExecutor.execute (MojoExecutor.java:174)
    at org.apache.maven.lifecycle.internal.MojoExecutor.access$000 (MojoExecutor.java:75)
    at org.apache.maven.lifecycle.internal.MojoExecutor$1.run (MojoExecutor.java:162)
    at org.apache.maven.plugin.DefaultMojosExecutionStrategy.execute (DefaultMojosExecutionStrategy.java:39)
    at org.apache.maven.lifecycle.internal.MojoExecutor.execute (MojoExecutor.java:159)
    at org.apache.maven.lifecycle.internal.LifecycleModuleBuilder.buildProject (LifecycleModuleBuilder.java:105)
    at org.apache.maven.lifecycle.internal.LifecycleModuleBuilder.buildProject (LifecycleModuleBuilder.java:73)
    at org.apache.maven.lifecycle.internal.builder.singlethreaded.SingleThreadedBuilder.build (SingleThreadedBuilder.java:53)
    at org.apache.maven.lifecycle.internal.LifecycleStarter.execute (LifecycleStarter.java:118)
    at org.apache.maven.DefaultMaven.doExecute (DefaultMaven.java:261)
    at org.apache.maven.DefaultMaven.doExecute (DefaultMaven.java:173)
    at org.apache.maven.DefaultMaven.execute (DefaultMaven.java:101)
    at org.apache.maven.cli.MavenCli.execute (MavenCli.java:906)
    at org.apache.maven.cli.MavenCli.doMain (MavenCli.java:283)
    at org.apache.maven.cli.MavenCli.main (MavenCli.java:206)
    at jdk.internal.reflect.DirectMethodHandleAccessor.invoke (DirectMethodHandleAccessor.java:103)
    at java.lang.reflect.Method.invoke (Method.java:580)
    at org.codehaus.plexus.classworlds.launcher.Launcher.launchEnhanced (Launcher.java:283)
    at org.codehaus.plexus.classworlds.launcher.Launcher.launch (Launcher.java:226)
    at org.codehaus.plexus.classworlds.launcher.Launcher.mainWithExitCode (Launcher.java:407)
    at org.codehaus.plexus.classworlds.launcher.Launcher.main (Launcher.java:348)
Caused by: org.owasp.dependencycheck.utils.DownloadFailedException: Download failed, unable to copy 'https://dependency-check.github.io/DependencyCheck/suppressions/publishedSuppressions.xml' to 'C:\Users\gmoun\.m2\repository\org\owasp\dependency-check-utils\13.0.0\..\..\dependency-check-data\11.0\publishedSuppressions.xml'; No such host is known (dependency-check.github.io)
    at org.owasp.dependencycheck.utils.Downloader.fetchFile (Downloader.java:425)
    at org.owasp.dependencycheck.utils.Downloader.fetchFile (Downloader.java:384)
    at org.owasp.dependencycheck.data.update.HostedSuppressionsDataSource.fetchHostedSuppressions (HostedSuppressionsDataSource.java:150)
    at org.owasp.dependencycheck.data.update.HostedSuppressionsDataSource.updateUnhandled (HostedSuppressionsDataSource.java:96)
    at org.owasp.dependencycheck.data.update.HostedSuppressionsDataSource.update (HostedSuppressionsDataSource.java:67)
    at org.owasp.dependencycheck.Engine.doUpdates (Engine.java:873)
    at org.owasp.dependencycheck.Engine.initializeAndUpdateDatabase (Engine.java:678)
    at org.owasp.dependencycheck.Engine.analyzeDependencies (Engine.java:605)
    at org.owasp.dependencycheck.maven.BaseDependencyCheckMojo.runCheck (BaseDependencyCheckMojo.java:2072)
    at org.owasp.dependencycheck.maven.BaseDependencyCheckMojo.execute (BaseDependencyCheckMojo.java:1272)
    at org.apache.maven.plugin.DefaultBuildPluginManager.executeMojo (DefaultBuildPluginManager.java:126)
    at org.apache.maven.lifecycle.internal.MojoExecutor.doExecute2 (MojoExecutor.java:328)
    at org.apache.maven.lifecycle.internal.MojoExecutor.doExecute (MojoExecutor.java:316)
    at org.apache.maven.lifecycle.internal.MojoExecutor.execute (MojoExecutor.java:212)
    at org.apache.maven.lifecycle.internal.MojoExecutor.execute (MojoExecutor.java:174)
    at org.apache.maven.lifecycle.internal.MojoExecutor.access$000 (MojoExecutor.java:75)
    at org.apache.maven.lifecycle.internal.MojoExecutor$1.run (MojoExecutor.java:162)
    at org.apache.maven.plugin.DefaultMojosExecutionStrategy.execute (DefaultMojosExecutionStrategy.java:39)
    at org.apache.maven.lifecycle.internal.MojoExecutor.execute (MojoExecutor.java:159)
    at org.apache.maven.lifecycle.internal.LifecycleModuleBuilder.buildProject (LifecycleModuleBuilder.java:105)
    at org.apache.maven.lifecycle.internal.LifecycleModuleBuilder.buildProject (LifecycleModuleBuilder.java:73)
    at org.apache.maven.lifecycle.internal.builder.singlethreaded.SingleThreadedBuilder.build (SingleThreadedBuilder.java:53)
    at org.apache.maven.lifecycle.internal.LifecycleStarter.execute (LifecycleStarter.java:118)
    at org.apache.maven.DefaultMaven.doExecute (DefaultMaven.java:261)
    at org.apache.maven.DefaultMaven.doExecute (DefaultMaven.java:173)
    at org.apache.maven.DefaultMaven.execute (DefaultMaven.java:101)
    at org.apache.maven.cli.MavenCli.execute (MavenCli.java:906)
    at org.apache.maven.cli.MavenCli.doMain (MavenCli.java:283)
    at org.apache.maven.cli.MavenCli.main (MavenCli.java:206)
    at jdk.internal.reflect.DirectMethodHandleAccessor.invoke (DirectMethodHandleAccessor.java:103)
    at java.lang.reflect.Method.invoke (Method.java:580)
    at org.codehaus.plexus.classworlds.launcher.Launcher.launchEnhanced (Launcher.java:283)
    at org.codehaus.plexus.classworlds.launcher.Launcher.launch (Launcher.java:226)
    at org.codehaus.plexus.classworlds.launcher.Launcher.mainWithExitCode (Launcher.java:407)
    at org.codehaus.plexus.classworlds.launcher.Launcher.main (Launcher.java:348)
Caused by: java.net.UnknownHostException: No such host is known (dependency-check.github.io)
    at java.net.Inet6AddressImpl.lookupAllHostAddr (Native Method)
    at java.net.Inet6AddressImpl.lookupAllHostAddr (Inet6AddressImpl.java:52)
    at java.net.InetAddress$PlatformResolver.lookupByName (InetAddress.java:1211)
    at java.net.InetAddress.getAddressesFromNameService (InetAddress.java:1828)
    at java.net.InetAddress$NameServiceAddresses.get (InetAddress.java:1139)
    at java.net.InetAddress.getAllByName0 (InetAddress.java:1818)
    at java.net.InetAddress.getAllByName (InetAddress.java:1688)
    at org.apache.hc.client5.http.SystemDefaultDnsResolver.resolve (SystemDefaultDnsResolver.java:61)
    at org.apache.hc.client5.http.DnsResolver.resolve (DnsResolver.java:77)
    at org.apache.hc.client5.http.impl.io.DefaultHttpClientConnectionOperator.connect (DefaultHttpClientConnectionOperator.java:202)
    at org.apache.hc.client5.http.impl.io.PoolingHttpClientConnectionManager.connect (PoolingHttpClientConnectionManager.java:547)
    at org.apache.hc.client5.http.impl.classic.InternalExecRuntime.connectEndpoint (InternalExecRuntime.java:164)
    at org.apache.hc.client5.http.impl.classic.InternalExecRuntime.connectEndpoint (InternalExecRuntime.java:174)
    at org.apache.hc.client5.http.impl.classic.ConnectExec.execute (ConnectExec.java:144)
    at org.apache.hc.client5.http.impl.classic.ExecChainElement.execute (ExecChainElement.java:51)
    at org.apache.hc.client5.http.impl.classic.ProtocolExec.execute (ProtocolExec.java:192)
    at org.apache.hc.client5.http.impl.classic.ExecChainElement.execute (ExecChainElement.java:51)
    at org.apache.hc.client5.http.impl.classic.ContentCompressionExec.execute (ContentCompressionExec.java:138)
    at org.apache.hc.client5.http.impl.classic.ExecChainElement.execute (ExecChainElement.java:51)
    at org.apache.hc.client5.http.impl.classic.HttpRequestRetryExec.execute (HttpRequestRetryExec.java:112)
    at org.apache.hc.client5.http.impl.classic.ExecChainElement.execute (ExecChainElement.java:51)
    at org.apache.hc.client5.http.impl.classic.RedirectExec.execute (RedirectExec.java:110)
    at org.apache.hc.client5.http.impl.classic.ExecChainElement.execute (ExecChainElement.java:51)
    at org.apache.hc.client5.http.impl.classic.InternalHttpClient.doExecute (InternalHttpClient.java:186)
    at org.apache.hc.client5.http.impl.classic.CloseableHttpClient.execute (CloseableHttpClient.java:245)
    at org.apache.hc.client5.http.impl.classic.CloseableHttpClient.execute (CloseableHttpClient.java:188)
    at org.owasp.dependencycheck.utils.Downloader.fetchFile (Downloader.java:410)
    at org.owasp.dependencycheck.utils.Downloader.fetchFile (Downloader.java:384)
    at org.owasp.dependencycheck.data.update.HostedSuppressionsDataSource.fetchHostedSuppressions (HostedSuppressionsDataSource.java:150)
    at org.owasp.dependencycheck.data.update.HostedSuppressionsDataSource.updateUnhandled (HostedSuppressionsDataSource.java:96)
    at org.owasp.dependencycheck.data.update.HostedSuppressionsDataSource.update (HostedSuppressionsDataSource.java:67)
    at org.owasp.dependencycheck.Engine.doUpdates (Engine.java:873)
    at org.owasp.dependencycheck.Engine.initializeAndUpdateDatabase (Engine.java:678)
    at org.owasp.dependencycheck.Engine.analyzeDependencies (Engine.java:605)
    at org.owasp.dependencycheck.maven.BaseDependencyCheckMojo.runCheck (BaseDependencyCheckMojo.java:2072)
    at org.owasp.dependencycheck.maven.BaseDependencyCheckMojo.execute (BaseDependencyCheckMojo.java:1272)
    at org.apache.maven.plugin.DefaultBuildPluginManager.executeMojo (DefaultBuildPluginManager.java:126)
    at org.apache.maven.lifecycle.internal.MojoExecutor.doExecute2 (MojoExecutor.java:328)
    at org.apache.maven.lifecycle.internal.MojoExecutor.doExecute (MojoExecutor.java:316)
    at org.apache.maven.lifecycle.internal.MojoExecutor.execute (MojoExecutor.java:212)
    at org.apache.maven.lifecycle.internal.MojoExecutor.execute (MojoExecutor.java:174)
    at org.apache.maven.lifecycle.internal.MojoExecutor.access$000 (MojoExecutor.java:75)
    at org.apache.maven.lifecycle.internal.MojoExecutor$1.run (MojoExecutor.java:162)
    at org.apache.maven.plugin.DefaultMojosExecutionStrategy.execute (DefaultMojosExecutionStrategy.java:39)
    at org.apache.maven.lifecycle.internal.MojoExecutor.execute (MojoExecutor.java:159)
    at org.apache.maven.lifecycle.internal.LifecycleModuleBuilder.buildProject (LifecycleModuleBuilder.java:105)
    at org.apache.maven.lifecycle.internal.LifecycleModuleBuilder.buildProject (LifecycleModuleBuilder.java:73)
    at org.apache.maven.lifecycle.internal.builder.singlethreaded.SingleThreadedBuilder.build (SingleThreadedBuilder.java:53)
    at org.apache.maven.lifecycle.internal.LifecycleStarter.execute (LifecycleStarter.java:118)
    at org.apache.maven.DefaultMaven.doExecute (DefaultMaven.java:261)
    at org.apache.maven.DefaultMaven.doExecute (DefaultMaven.java:173)
    at org.apache.maven.DefaultMaven.execute (DefaultMaven.java:101)
    at org.apache.maven.cli.MavenCli.execute (MavenCli.java:906)
    at org.apache.maven.cli.MavenCli.doMain (MavenCli.java:283)
    at org.apache.maven.cli.MavenCli.main (MavenCli.java:206)
    at jdk.internal.reflect.DirectMethodHandleAccessor.invoke (DirectMethodHandleAccessor.java:103)
    at java.lang.reflect.Method.invoke (Method.java:580)
    at org.codehaus.plexus.classworlds.launcher.Launcher.launchEnhanced (Launcher.java:283)
    at org.codehaus.plexus.classworlds.launcher.Launcher.launch (Launcher.java:226)
    at org.codehaus.plexus.classworlds.launcher.Launcher.mainWithExitCode (Launcher.java:407)
    at org.codehaus.plexus.classworlds.launcher.Launcher.main (Launcher.java:348)
[INFO] Updating CISA Known Exploited Vulnerability list: https://www.cisa.gov/sites/default/files/feeds/known_exploited_vulnerabilities.json
[ERROR] java.net.UnknownHostException: No such host is known (www.cisa.gov)
org.owasp.dependencycheck.data.update.exception.UpdateException: java.net.UnknownHostException: No such host is known (www.cisa.gov)
    at org.owasp.dependencycheck.data.update.KnownExploitedDataSource.update (KnownExploitedDataSource.java:106)
    at org.owasp.dependencycheck.Engine.doUpdates (Engine.java:873)
    at org.owasp.dependencycheck.Engine.initializeAndUpdateDatabase (Engine.java:678)
    at org.owasp.dependencycheck.Engine.analyzeDependencies (Engine.java:605)
    at org.owasp.dependencycheck.maven.BaseDependencyCheckMojo.runCheck (BaseDependencyCheckMojo.java:2072)
    at org.owasp.dependencycheck.maven.BaseDependencyCheckMojo.execute (BaseDependencyCheckMojo.java:1272)
    at org.apache.maven.plugin.DefaultBuildPluginManager.executeMojo (DefaultBuildPluginManager.java:126)
    at org.apache.maven.lifecycle.internal.MojoExecutor.doExecute2 (MojoExecutor.java:328)
    at org.apache.maven.lifecycle.internal.MojoExecutor.doExecute (MojoExecutor.java:316)
    at org.apache.maven.lifecycle.internal.MojoExecutor.execute (MojoExecutor.java:212)
    at org.apache.maven.lifecycle.internal.MojoExecutor.execute (MojoExecutor.java:174)
    at org.apache.maven.lifecycle.internal.MojoExecutor.access$000 (MojoExecutor.java:75)
    at org.apache.maven.lifecycle.internal.MojoExecutor$1.run (MojoExecutor.java:162)
    at org.apache.maven.plugin.DefaultMojosExecutionStrategy.execute (DefaultMojosExecutionStrategy.java:39)
    at org.apache.maven.lifecycle.internal.MojoExecutor.execute (MojoExecutor.java:159)
    at org.apache.maven.lifecycle.internal.LifecycleModuleBuilder.buildProject (LifecycleModuleBuilder.java:105)
    at org.apache.maven.lifecycle.internal.LifecycleModuleBuilder.buildProject (LifecycleModuleBuilder.java:73)
    at org.apache.maven.lifecycle.internal.builder.singlethreaded.SingleThreadedBuilder.build (SingleThreadedBuilder.java:53)
    at org.apache.maven.lifecycle.internal.LifecycleStarter.execute (LifecycleStarter.java:118)
    at org.apache.maven.DefaultMaven.doExecute (DefaultMaven.java:261)
    at org.apache.maven.DefaultMaven.doExecute (DefaultMaven.java:173)
    at org.apache.maven.DefaultMaven.execute (DefaultMaven.java:101)
    at org.apache.maven.cli.MavenCli.execute (MavenCli.java:906)
    at org.apache.maven.cli.MavenCli.doMain (MavenCli.java:283)
    at org.apache.maven.cli.MavenCli.main (MavenCli.java:206)
    at jdk.internal.reflect.DirectMethodHandleAccessor.invoke (DirectMethodHandleAccessor.java:103)
    at java.lang.reflect.Method.invoke (Method.java:580)
    at org.codehaus.plexus.classworlds.launcher.Launcher.launchEnhanced (Launcher.java:283)
    at org.codehaus.plexus.classworlds.launcher.Launcher.launch (Launcher.java:226)
    at org.codehaus.plexus.classworlds.launcher.Launcher.mainWithExitCode (Launcher.java:407)
    at org.codehaus.plexus.classworlds.launcher.Launcher.main (Launcher.java:348)
Caused by: java.net.UnknownHostException: No such host is known (www.cisa.gov)
    at java.net.Inet6AddressImpl.lookupAllHostAddr (Native Method)
    at java.net.Inet6AddressImpl.lookupAllHostAddr (Inet6AddressImpl.java:52)
    at java.net.InetAddress$PlatformResolver.lookupByName (InetAddress.java:1211)
    at java.net.InetAddress.getAddressesFromNameService (InetAddress.java:1828)
    at java.net.InetAddress$NameServiceAddresses.get (InetAddress.java:1139)
    at java.net.InetAddress.getAllByName0 (InetAddress.java:1818)
    at java.net.InetAddress.getAllByName (InetAddress.java:1688)
    at org.apache.hc.client5.http.SystemDefaultDnsResolver.resolve (SystemDefaultDnsResolver.java:61)
    at org.apache.hc.client5.http.DnsResolver.resolve (DnsResolver.java:77)
    at org.apache.hc.client5.http.impl.io.DefaultHttpClientConnectionOperator.connect (DefaultHttpClientConnectionOperator.java:202)
    at org.apache.hc.client5.http.impl.io.PoolingHttpClientConnectionManager.connect (PoolingHttpClientConnectionManager.java:547)
    at org.apache.hc.client5.http.impl.classic.InternalExecRuntime.connectEndpoint (InternalExecRuntime.java:164)
    at org.apache.hc.client5.http.impl.classic.InternalExecRuntime.connectEndpoint (InternalExecRuntime.java:174)
    at org.apache.hc.client5.http.impl.classic.ConnectExec.execute (ConnectExec.java:144)
    at org.apache.hc.client5.http.impl.classic.ExecChainElement.execute (ExecChainElement.java:51)
    at org.apache.hc.client5.http.impl.classic.ProtocolExec.execute (ProtocolExec.java:192)
    at org.apache.hc.client5.http.impl.classic.ExecChainElement.execute (ExecChainElement.java:51)
    at org.apache.hc.client5.http.impl.classic.ContentCompressionExec.execute (ContentCompressionExec.java:138)
    at org.apache.hc.client5.http.impl.classic.ExecChainElement.execute (ExecChainElement.java:51)
    at org.apache.hc.client5.http.impl.classic.HttpRequestRetryExec.execute (HttpRequestRetryExec.java:112)
    at org.apache.hc.client5.http.impl.classic.ExecChainElement.execute (ExecChainElement.java:51)
    at org.apache.hc.client5.http.impl.classic.RedirectExec.execute (RedirectExec.java:110)
    at org.apache.hc.client5.http.impl.classic.ExecChainElement.execute (ExecChainElement.java:51)
    at org.apache.hc.client5.http.impl.classic.InternalHttpClient.doExecute (InternalHttpClient.java:186)
    at org.apache.hc.client5.http.impl.classic.CloseableHttpClient.execute (CloseableHttpClient.java:245)
    at org.apache.hc.client5.http.impl.classic.CloseableHttpClient.execute (CloseableHttpClient.java:188)
    at org.owasp.dependencycheck.utils.Downloader.fetchAndHandle (Downloader.java:714)
    at org.owasp.dependencycheck.utils.Downloader.fetchAndHandle (Downloader.java:684)
    at org.owasp.dependencycheck.utils.Downloader.fetchAndHandle (Downloader.java:653)
    at org.owasp.dependencycheck.data.update.KnownExploitedDataSource.update (KnownExploitedDataSource.java:96)
    at org.owasp.dependencycheck.Engine.doUpdates (Engine.java:873)
    at org.owasp.dependencycheck.Engine.initializeAndUpdateDatabase (Engine.java:678)
    at org.owasp.dependencycheck.Engine.analyzeDependencies (Engine.java:605)
    at org.owasp.dependencycheck.maven.BaseDependencyCheckMojo.runCheck (BaseDependencyCheckMojo.java:2072)
    at org.owasp.dependencycheck.maven.BaseDependencyCheckMojo.execute (BaseDependencyCheckMojo.java:1272)
    at org.apache.maven.plugin.DefaultBuildPluginManager.executeMojo (DefaultBuildPluginManager.java:126)
    at org.apache.maven.lifecycle.internal.MojoExecutor.doExecute2 (MojoExecutor.java:328)
    at org.apache.maven.lifecycle.internal.MojoExecutor.doExecute (MojoExecutor.java:316)
    at org.apache.maven.lifecycle.internal.MojoExecutor.execute (MojoExecutor.java:212)
    at org.apache.maven.lifecycle.internal.MojoExecutor.execute (MojoExecutor.java:174)
    at org.apache.maven.lifecycle.internal.MojoExecutor.access$000 (MojoExecutor.java:75)
    at org.apache.maven.lifecycle.internal.MojoExecutor$1.run (MojoExecutor.java:162)
    at org.apache.maven.plugin.DefaultMojosExecutionStrategy.execute (DefaultMojosExecutionStrategy.java:39)
    at org.apache.maven.lifecycle.internal.MojoExecutor.execute (MojoExecutor.java:159)
    at org.apache.maven.lifecycle.internal.LifecycleModuleBuilder.buildProject (LifecycleModuleBuilder.java:105)
    at org.apache.maven.lifecycle.internal.LifecycleModuleBuilder.buildProject (LifecycleModuleBuilder.java:73)
    at org.apache.maven.lifecycle.internal.builder.singlethreaded.SingleThreadedBuilder.build (SingleThreadedBuilder.java:53)
    at org.apache.maven.lifecycle.internal.LifecycleStarter.execute (LifecycleStarter.java:118)
    at org.apache.maven.DefaultMaven.doExecute (DefaultMaven.java:261)
    at org.apache.maven.DefaultMaven.doExecute (DefaultMaven.java:173)
    at org.apache.maven.DefaultMaven.execute (DefaultMaven.java:101)
    at org.apache.maven.cli.MavenCli.execute (MavenCli.java:906)
    at org.apache.maven.cli.MavenCli.doMain (MavenCli.java:283)
    at org.apache.maven.cli.MavenCli.main (MavenCli.java:206)
    at jdk.internal.reflect.DirectMethodHandleAccessor.invoke (DirectMethodHandleAccessor.java:103)
    at java.lang.reflect.Method.invoke (Method.java:580)
    at org.codehaus.plexus.classworlds.launcher.Launcher.launchEnhanced (Launcher.java:283)
    at org.codehaus.plexus.classworlds.launcher.Launcher.launch (Launcher.java:226)
    at org.codehaus.plexus.classworlds.launcher.Launcher.mainWithExitCode (Launcher.java:407)
    at org.codehaus.plexus.classworlds.launcher.Launcher.main (Launcher.java:348)
[INFO] Check for updates complete (12438460 ms)
[WARNING] Unable to update 1 or more Cached Web DataSource, using local data instead. Results may not include recent vulnerabilities.
[INFO] 

Dependency-Check is an open source tool performing a best effort analysis of 3rd party dependencies; false positives and false negatives may exist in the analysis performed by the tool. Use of the tool and the reporting provided constitutes acceptance for use in an AS IS condition, and there are NO warranties, implied or otherwise, with regard to the analysis or its use. Any use of the tool and the reporting provided is at the user's risk. In no event shall the copyright holder or OWASP be held liable for any damages whatsoever arising out of or in connection with the use of this tool, the analysis performed, or the resulting report.


   About ODC: https://dependency-check.github.io/DependencyCheck/general/internals.html
   False Positives: https://dependency-check.github.io/DependencyCheck/general/suppression.html


[INFO] Analysis Started
[INFO] Finished Archive Analyzer (2 seconds)
[INFO] Finished File Name Analyzer (0 seconds)
[INFO] Finished Jar Analyzer (1 seconds)
[INFO] Finished Dependency Merging Analyzer (0 seconds)
[INFO] Finished Hint Analyzer (0 seconds)
[INFO] Finished Version Filter Analyzer (0 seconds)
[INFO] Created CPE Index (4 seconds)
[INFO] Finished CPE Analyzer (6 seconds)
[INFO] Finished False Positive Analyzer (0 seconds)
[INFO] Finished NVD CVE Analyzer (0 seconds)
[INFO] Finished RetireJS Analyzer (0 seconds)
[WARNING] Sonatype OSS Index Analyzer disabled due to missing credentials. Authentication with token is now required, and OSS Index is migrating to Sonatype Guide. See https://dependency-check.github.io/DependencyCheck/analyzers/oss-index-analyzer.html for more information on authentication with Sonatype Guide OSS Index.
[INFO] Finished Vulnerability Suppression Analyzer (0 seconds)
[INFO] Finished Known Exploited Vulnerability Analyzer (0 seconds)
[INFO] Finished Dependency Bundling Analyzer (0 seconds)
[INFO] Finished Unused Suppression Rule Analyzer (0 seconds)
[INFO] Analysis Complete (13 seconds)
[INFO] Writing HTML report to: C:\Users\gmoun\OneDrive\Documents\vulnbank-owasp-lab\vulnbank\target\dependency-check-report.html
[WARNING] 

One or more dependencies were identified with known vulnerabilities in VulnBank:

h2-2.1.214.jar (pkg:maven/com.h2database/h2@2.1.214, cpe:2.3:a:h2database:h2:2.1.214:*:*:*:*:*:*:*) : CVE-2022-45868
jackson-databind-2.13.4.2.jar (pkg:maven/com.fasterxml.jackson.core/jackson-databind@2.13.4.2, cpe:2.3:a:fasterxml:jackson-databind:2.13.4.2:*:*:*:*:*:*:*, cpe:2.3:a:fasterxml:jackson-modules-java8:2.13.4.2:*:*:*:*:*:*:*) : CVE-2023-35116
snakeyaml-1.30.jar (pkg:maven/org.yaml/snakeyaml@1.30, cpe:2.3:a:snakeyaml_project:snakeyaml:1.30:*:*:*:*:*:*:*) : CVE-2022-1471, CVE-2022-25857, CVE-2022-38749, CVE-2022-38751, CVE-2022-38752, CVE-2022-41854, CVE-2022-38750
spring-boot-2.7.5.jar (pkg:maven/org.springframework.boot/spring-boot@2.7.5, cpe:2.3:a:vmware:spring_boot:2.7.5:*:*:*:*:*:*:*) : CVE-2023-20873, CVE-2023-20883
spring-boot-starter-thymeleaf-2.7.5.jar (pkg:maven/org.springframework.boot/spring-boot-starter-thymeleaf@2.7.5, cpe:2.3:a:thymeleaf:thymeleaf:2.7.5:*:*:*:*:*:*:*, cpe:2.3:a:vmware:spring_boot:2.7.5:*:*:*:*:*:*:*) : CVE-2023-20873, CVE-2023-20883
spring-core-5.3.23.jar (pkg:maven/org.springframework/spring-core@5.3.23, cpe:2.3:a:pivotal_software:spring_framework:5.3.23:*:*:*:*:*:*:*, cpe:2.3:a:springsource:spring_framework:5.3.23:*:*:*:*:*:*:*, cpe:2.3:a:vmware:spring_framework:5.3.23:*:*:*:*:*:*:*) : CVE-2023-20860, CVE-2023-20861, CVE-2023-20863
spring-security-core-5.7.4.jar (pkg:maven/org.springframework.security/spring-security-core@5.7.4, cpe:2.3:a:pivotal_software:spring_security:5.7.4:*:*:*:*:*:*:*, cpe:2.3:a:vmware:spring_security:5.7.4:*:*:*:*:*:*:*) : CVE-2022-31692, CVE-2022-31690, CVE-2023-20862
spring-web-5.3.23.jar (pkg:maven/org.springframework/spring-web@5.3.23, cpe:2.3:a:pivotal_software:spring_framework:5.3.23:*:*:*:*:*:*:*, cpe:2.3:a:springsource:spring_framework:5.3.23:*:*:*:*:*:*:*, cpe:2.3:a:vmware:spring_framework:5.3.23:*:*:*:*:*:*:*) : CVE-2016-1000027, CVE-2023-20860, CVE-2023-20861, CVE-2023-20863
tomcat-embed-core-9.0.68.jar (pkg:maven/org.apache.tomcat.embed/tomcat-embed-core@9.0.68, cpe:2.3:a:apache:tomcat:9.0.68:*:*:*:*:*:*:*, cpe:2.3:a:apache_tomcat:apache_tomcat:9.0.68:*:*:*:*:*:*:*) : CVE-2022-45143, CVE-2023-28708


See the dependency-check report for more details.


[INFO] ------------------------------------------------------------------------
[INFO] BUILD FAILURE
[INFO] ------------------------------------------------------------------------
[INFO] Total time:  03:28 h
[INFO] Finished at: 2026-09-03T17:25:54+05:30
[INFO] ------------------------------------------------------------------------
[ERROR] Failed to execute goal org.owasp:dependency-check-maven:13.0.0:check (default-cli) on project vulnbank: One or more exceptions occurred during dependency-check analysis: One or more exceptions occurred during analysis:
[ERROR] 	UpdateException: java.net.UnknownHostException: No such host is known (www.cisa.gov)
[ERROR] 		caused by UnknownHostException: No such host is known (www.cisa.gov)
[ERROR] -> [Help 1]
[ERROR] 
[ERROR] To see the full stack trace of the errors, re-run Maven with the -e switch.
[ERROR] Re-run Maven using the -X switch to enable full debug logging.
[ERROR] 
[ERROR] For more information about the errors and possible solutions, please read the following articles:
[ERROR] [Help 1] http://cwiki.apache.org/confluence/display/MAVEN/MojoExecutionException
